npm error Missing script: "test"
npm error
npm error To see a list of scripts, run:
npm error   npm run
npm error A complete log of this run can be found in: C:\Users\DELL\AppData\Local\npm-cache\_logs\2026-02-01T07_12_54_632Z-debug-0.log
